(-1, -1)     Module               	prefix=||	suffix=||	indent=||
(1, 0)       Expr                 	prefix=||	suffix=|\n|	indent=||
(3, 0)       Expr                 	prefix=|\n|	suffix=|\n|	indent=||
(5, 0)       Expr                 	prefix=|\n|	suffix=|\n|	indent=||
(7, 0)       Expr                 	prefix=|\n|	suffix=|\n|	indent=||
(13, -1)     Expr                 	prefix=|\n|	suffix=|\n|	indent=||
(15, 0)      Expr                 	prefix=|\n|	suffix=|\n|	indent=||
(18, 0)      Expr                 	prefix=|\n|	suffix=|\n|	indent=||
(1, 0)       Str                  	prefix=||	suffix=||	indent=||
(3, 0)       Str                  	prefix=||	suffix=||	indent=||
(5, 0)       Str                  	prefix=||	suffix=||	indent=||
(7, 0)       Str                  	prefix=||	suffix=||	indent=||
(13, -1)     Str                  	prefix=||	suffix=||	indent=||
(15, 1)      Str                  	prefix=|(|	suffix=|)|	indent=||
(18, 0)      Str                  	prefix=||	suffix=||	indent=||
