(-1, -1)     Module               	prefix=||	suffix=||	indent=||
(1, 0)       Expr                 	prefix=||	suffix=|\n|	indent=||
(3, 0)       Expr                 	prefix=|\n|	suffix=|\n|	indent=||
(5, 0)       Expr                 	prefix=|\n|	suffix=|\n|	indent=||
(7, 0)       Expr                 	prefix=|\n|	suffix=|\n|	indent=||
(9, 0)       Expr                 	prefix=|\n|	suffix=|\n|	indent=||
(11, 0)      Expr                 	prefix=|\n|	suffix=|\n|	indent=||
(13, 0)      Expr                 	prefix=|\n|	suffix=|\n|	indent=||
(15, 0)      Expr                 	prefix=|\n|	suffix=|\n|	indent=||
(17, 0)      Expr                 	prefix=|\n|	suffix=|\n|	indent=||
(1, 0)       Compare              	prefix=||	suffix=||	indent=||
(3, 0)       Compare              	prefix=||	suffix=||	indent=||
(5, 0)       Compare              	prefix=||	suffix=||	indent=||
(7, 0)       Compare              	prefix=||	suffix=||	indent=||
(9, 1)       Compare              	prefix=|(|	suffix=|)|	indent=||
(11, 0)      Compare              	prefix=||	suffix=||	indent=||
(13, 0)      Compare              	prefix=||	suffix=||	indent=||
(15, 0)      Compare              	prefix=||	suffix=||	indent=||
(17, 0)      Compare              	prefix=||	suffix=||	indent=||
(1, 0)       Name a               	prefix=||	suffix=| |	indent=||
(-1, -1)     Lt                   	prefix=||	suffix=||	indent=||
(1, 4)       Name b               	prefix=||	suffix=||	indent=||
(3, 0)       Name c               	prefix=||	suffix=| |	indent=||
(-1, -1)     Gt                   	prefix=||	suffix=||	indent=||
(3, 4)       Name d               	prefix=||	suffix=||	indent=||
(5, 0)       Name e               	prefix=||	suffix=| |	indent=||
(-1, -1)     GtE                  	prefix=||	suffix=||	indent=||
(-1, -1)     Lt                   	prefix=||	suffix=||	indent=||
(5, 6)       Name f               	prefix=||	suffix=||	indent=||
(5, 8)       Name g               	prefix=||	suffix=||	indent=||
(7, 0)       Name h               	prefix=||	suffix=|  |	indent=||
(-1, -1)     NotIn                	prefix=||	suffix=||	indent=||
(7, 11)      Name j               	prefix=||	suffix=||	indent=||
(9, 1)       Name i               	prefix=||	suffix=|  |	indent=||
(-1, -1)     IsNot                	prefix=||	suffix=||	indent=||
(9, 13)      Name k               	prefix=||	suffix=||	indent=||
(11, 0)      Name l               	prefix=||	suffix=|   |	indent=||
(-1, -1)     Is                   	prefix=||	suffix=||	indent=||
(11, 7)      Name m               	prefix=||	suffix=||	indent=||
(13, 0)      Name n               	prefix=||	suffix=|  |	indent=||
(-1, -1)     In                   	prefix=||	suffix=||	indent=||
(13, 6)      Name o               	prefix=||	suffix=||	indent=||
(15, 0)      Name a               	prefix=||	suffix=| |	indent=||
(-1, -1)     Eq                   	prefix=||	suffix=||	indent=||
(15, 5)      Name b               	prefix=||	suffix=||	indent=||
(17, 0)      Name a               	prefix=||	suffix=| |	indent=||
(-1, -1)     Eq                   	prefix=||	suffix=||	indent=||
(17, 5)      Bytes                	prefix=||	suffix=||	indent=||
(-1, -1)     Load                 	prefix=||	suffix=||	indent=||
(-1, -1)     Load                 	prefix=||	suffix=||	indent=||
(-1, -1)     Load                 	prefix=||	suffix=||	indent=||
(-1, -1)     Load                 	prefix=||	suffix=||	indent=||
(-1, -1)     Load                 	prefix=||	suffix=||	indent=||
(-1, -1)     Load                 	prefix=||	suffix=||	indent=||
(-1, -1)     Load                 	prefix=||	suffix=||	indent=||
(-1, -1)     Load                 	prefix=||	suffix=||	indent=||
(-1, -1)     Load                 	prefix=||	suffix=||	indent=||
(-1, -1)     Load                 	prefix=||	suffix=||	indent=||
(-1, -1)     Load                 	prefix=||	suffix=||	indent=||
(-1, -1)     Load                 	prefix=||	suffix=||	indent=||
(-1, -1)     Load                 	prefix=||	suffix=||	indent=||
(-1, -1)     Load                 	prefix=||	suffix=||	indent=||
(-1, -1)     Load                 	prefix=||	suffix=||	indent=||
(-1, -1)     Load                 	prefix=||	suffix=||	indent=||
(-1, -1)     Load                 	prefix=||	suffix=||	indent=||
(-1, -1)     Load                 	prefix=||	suffix=||	indent=||
